// Jest Snapshot v1, https://goo.gl/fbAQLP

exports[`ヘッダーのスナップショットが意図せず変わっていない 1`] = `
<div>
  <header
    className="MuiPaper-root-13 MuiPaper-elevation4-19 MuiAppBar-root-5 MuiAppBar-positionAbsolute-7 MuiAppBar-colorPrimary-11 Header-appBar-1"
  >
    <div
      className="MuiToolbar-root-40 MuiToolbar-gutters-41"
    >
      <a
        className="MuiTypography-root-42 MuiTypography-title-48 MuiTypography-colorInherit-61 Header-brand-2"
        href="/"
        onClick={[Function]}
      >
        gPaaS
      </a>
    </div>
  </header>
  <div
    className="MuiDrawer-docked-66"
  >
    <div
      className="MuiPaper-root-13 MuiPaper-elevation0-15 MuiDrawer-paper-67 Header-drawerPaper-3 MuiDrawer-paperAnchorLeft-68 MuiDrawer-paperAnchorDockedLeft-72"
    >
      <div
        className="Header-toolbar-4"
      />
      <ul
        className="MuiList-root-77 MuiList-padding-78"
      >
        <a
          className="MuiButtonBase-root-91 MuiListItem-root-81 MuiListItem-default-84 MuiListItem-gutters-88 MuiListItem-button-89"
          href="/project/sysop"
          onBlur={[Function]}
          onClick={[Function]}
          onFocus={[Function]}
          onKeyDown={[Function]}
          onKeyUp={[Function]}
          onMouseDown={[Function]}
          onMouseLeave={[Function]}
          onMouseUp={[Function]}
          onTouchEnd={[Function]}
          onTouchMove={[Function]}
          onTouchStart={[Function]}
          role="button"
          tabIndex="0"
        >
          <div
            className="MuiListItemText-root-94"
          >
            <h3
              className="MuiTypography-root-42 MuiTypography-subheading-49 MuiListItemText-primary-97"
            >
              sysop
            </h3>
          </div>
          <span
            className="MuiTouchRipple-root-100"
          />
        </a>
        <a
          className="MuiButtonBase-root-91 MuiListItem-root-81 MuiListItem-default-84 MuiListItem-gutters-88 MuiListItem-button-89"
          href="/project/gscxbase"
          onBlur={[Function]}
          onClick={[Function]}
          onFocus={[Function]}
          onKeyDown={[Function]}
          onKeyUp={[Function]}
          onMouseDown={[Function]}
          onMouseLeave={[Function]}
          onMouseUp={[Function]}
          onTouchEnd={[Function]}
          onTouchMove={[Function]}
          onTouchStart={[Function]}
          role="button"
          tabIndex="0"
        >
          <div
            className="MuiListItemText-root-94"
          >
            <h3
              className="MuiTypography-root-42 MuiTypography-subheading-49 MuiListItemText-primary-97"
            >
              gscxbase
            </h3>
          </div>
          <span
            className="MuiTouchRipple-root-100"
          />
        </a>
      </ul>
    </div>
  </div>
</div>
`;
